---
source: tests/parser_snapshots.rs
expression: rendered
---
ROOT@0..35
  STRING_LITERAL@0..5
    STRING_PREFIX@0..1 "x"
    STRING_DELIM_OPEN@1..2 "\""
    STRING_CONTENT@2..3 "s"
    STRING_DELIM_CLOSE@3..4 "\""
    INTEGER@4..5 "2"
  NEWLINE@5..6 "\n"
  STRING_LITERAL@6..13
    STRING_PREFIX@6..7 "x"
    STRING_DELIM_OPEN@7..8 "\""
    STRING_CONTENT@8..9 "s"
    STRING_DELIM_CLOSE@9..10 "\""
    FLOAT@10..13 "2.0"
  NEWLINE@13..14 "\n"
  STRING_LITERAL@14..19
    STRING_PREFIX@14..15 "x"
    STRING_DELIM_OPEN@15..16 "\""
    STRING_CONTENT@16..17 "s"
    STRING_DELIM_CLOSE@17..18 "\""
    STRING_SUFFIX@18..19 "y"
  NEWLINE@19..20 "\n"
  STRING_LITERAL@20..26
    STRING_PREFIX@20..21 "x"
    STRING_DELIM_OPEN@21..22 "\""
    STRING_CONTENT@22..23 "s"
    STRING_DELIM_CLOSE@23..24 "\""
    STRING_SUFFIX@24..26 "i2"
  NEWLINE@26..27 "\n"
  STRING_LITERAL@27..34
    STRING_PREFIX@27..28 "r"
    STRING_DELIM_OPEN@28..29 "\""
    STRING_CONTENT@29..30 "s"
    STRING_DELIM_CLOSE@30..31 "\""
    STRING_SUFFIX@31..34 "ims"
  NEWLINE@34..35 "\n"
