---
source: tests/parser_snapshots.rs
expression: rendered
---
ROOT@0..154
  CURLY_EXPR@0..9
    NAME@0..6
      IDENT@0..6 "Vector"
    ARG_LIST@6..9
      LBRACE@6..7 "{"
      ARG@7..8
        NAME@7..8
          IDENT@7..8 "T"
      RBRACE@8..9 "}"
  NEWLINE@9..10 "\n"
  CURLY_EXPR@10..27
    NAME@10..14
      IDENT@10..14 "Dict"
    ARG_LIST@14..27
      LBRACE@14..15 "{"
      ARG@15..21
        NAME@15..21
          IDENT@15..21 "String"
      COMMA@21..22 ","
      WHITESPACE@22..23 " "
      ARG@23..26
        NAME@23..26
          IDENT@23..26 "Int"
      RBRACE@26..27 "}"
  NEWLINE@27..28 "\n"
  CURLY_EXPR@28..41
    NAME@28..33
      IDENT@28..33 "Array"
    ARG_LIST@33..41
      LBRACE@33..34 "{"
      ARG@34..40
        UNARY_EXPR@34..40
          SUBTYPE@34..36 "<:"
          NAME@36..40
            IDENT@36..40 "Real"
      RBRACE@40..41 "}"
  NEWLINE@41..42 "\n"
  ASSIGNMENT_EXPR@42..69
    NAME@42..43
      IDENT@42..43 "m"
    WHITESPACE@43..44 " "
    EQ@44..45 "="
    WHITESPACE@45..46 " "
    CURLY_EXPR@46..69
      NAME@46..52
        IDENT@46..52 "Matrix"
      ARG_LIST@52..69
        LBRACE@52..53 "{"
        ARG@53..68
          CURLY_EXPR@53..68
            NAME@53..58
              IDENT@53..58 "Tuple"
            ARG_LIST@58..68
              LBRACE@58..59 "{"
              ARG@59..62
                NAME@59..62
                  IDENT@59..62 "Int"
              COMMA@62..63 ","
              WHITESPACE@63..64 " "
              ARG@64..67
                NAME@64..67
                  IDENT@64..67 "Int"
              RBRACE@67..68 "}"
        RBRACE@68..69 "}"
  NEWLINE@69..70 "\n"
  ASSIGNMENT_EXPR@70..99
    WHERE_EXPR@70..95
      CALL_EXPR@70..87
        NAME@70..73
          IDENT@70..73 "foo"
        ARG_LIST@73..87
          LPAREN@73..74 "("
          ARG@74..86
            TYPE_ANNOTATION@74..86
              NAME@74..75
                IDENT@74..75 "x"
              COLON_COLON@75..77 "::"
              CURLY_EXPR@77..86
                NAME@77..83
                  IDENT@77..83 "Vector"
                ARG_LIST@83..86
                  LBRACE@83..84 "{"
                  ARG@84..85
                    NAME@84..85
                      IDENT@84..85 "T"
                  RBRACE@85..86 "}"
          RPAREN@86..87 ")"
      WHITESPACE@87..88 " "
      WHERE_KW@88..93 "where"
      WHITESPACE@93..94 " "
      NAME@94..95
        IDENT@94..95 "T"
    WHITESPACE@95..96 " "
    EQ@96..97 "="
    WHITESPACE@97..98 " "
    NAME@98..99
      IDENT@98..99 "x"
  NEWLINE@99..100 "\n"
  ASSIGNMENT_EXPR@100..131
    WHERE_EXPR@100..127
      CALL_EXPR@100..109
        NAME@100..103
          IDENT@100..103 "bar"
        ARG_LIST@103..109
          LPAREN@103..104 "("
          ARG@104..108
            TYPE_ANNOTATION@104..108
              NAME@104..105
                IDENT@104..105 "x"
              COLON_COLON@105..107 "::"
              NAME@107..108
                IDENT@107..108 "T"
          RPAREN@108..109 ")"
      WHITESPACE@109..110 " "
      WHERE_KW@110..115 "where"
      WHITESPACE@115..116 " "
      BRACES@116..127
        LBRACE@116..117 "{"
        ARG@117..126
          BINARY_EXPR@117..126
            NAME@117..118
              IDENT@117..118 "T"
            SUBTYPE@118..120 "<:"
            NAME@120..126
              IDENT@120..126 "Number"
        RBRACE@126..127 "}"
    WHITESPACE@127..128 " "
    EQ@128..129 "="
    WHITESPACE@129..130 " "
    NAME@130..131
      IDENT@130..131 "x"
  NEWLINE@131..132 "\n"
  WHERE_EXPR@132..153
    CURLY_EXPR@132..138
      NAME@132..135
        IDENT@132..135 "Foo"
      ARG_LIST@135..138
        LBRACE@135..136 "{"
        ARG@136..137
          NAME@136..137
            IDENT@136..137 "T"
        RBRACE@137..138 "}"
    WHITESPACE@138..139 " "
    WHERE_KW@139..144 "where"
    WHITESPACE@144..145 " "
    BINARY_EXPR@145..153
      NAME@145..146
        IDENT@145..146 "T"
      WHITESPACE@146..147 " "
      SUPERTYPE@147..149 ">:"
      WHITESPACE@149..150 " "
      NAME@150..153
        IDENT@150..153 "Int"
  NEWLINE@153..154 "\n"
