---
source: tests/parser_snapshots.rs
expression: rendered
---
ROOT@0..57
  ASSIGNMENT_EXPR@0..19
    NAME@0..1
      IDENT@0..1 "g"
    WHITESPACE@1..2 " "
    EQ@2..3 "="
    WHITESPACE@3..4 " "
    GENERATOR@4..19
      LPAREN@4..5 "("
      NAME@5..6
        IDENT@5..6 "x"
      WHITESPACE@6..7 " "
      FOR_BINDING@7..18
        FOR_KW@7..10 "for"
        WHITESPACE@10..11 " "
        NAME@11..12
          IDENT@11..12 "x"
        WHITESPACE@12..13 " "
        IDENT@13..15 "in"
        WHITESPACE@15..16 " "
        NAME@16..18
          IDENT@16..18 "xs"
      RPAREN@18..19 ")"
  NEWLINE@19..20 "\n"
  ASSIGNMENT_EXPR@20..56
    NAME@20..21
      IDENT@20..21 "s"
    WHITESPACE@21..22 " "
    EQ@22..23 "="
    WHITESPACE@23..24 " "
    GENERATOR@24..56
      LPAREN@24..25 "("
      BINARY_EXPR@25..28
        NAME@25..26
          IDENT@25..26 "x"
        CARET@26..27 "^"
        LITERAL@27..28
          INTEGER@27..28 "2"
      WHITESPACE@28..29 " "
      FOR_BINDING@29..42
        FOR_KW@29..32 "for"
        WHITESPACE@32..33 " "
        NAME@33..34
          IDENT@33..34 "x"
        WHITESPACE@34..35 " "
        IDENT@35..37 "in"
        WHITESPACE@37..38 " "
        BINARY_EXPR@38..42
          LITERAL@38..39
            INTEGER@38..39 "1"
          COLON@39..40 ":"
          LITERAL@40..42
            INTEGER@40..42 "10"
      WHITESPACE@42..43 " "
      COMPREHENSION_IF@43..55
        IF_KW@43..45 "if"
        WHITESPACE@45..46 " "
        CALL_EXPR@46..55
          NAME@46..52
            IDENT@46..52 "iseven"
          ARG_LIST@52..55
            LPAREN@52..53 "("
            ARG@53..54
              NAME@53..54
                IDENT@53..54 "x"
            RPAREN@54..55 ")"
      RPAREN@55..56 ")"
  NEWLINE@56..57 "\n"
