---
source: tests/parser_snapshots.rs
expression: rendered
---
ROOT@0..35
  ASSIGNMENT_EXPR@0..34
    NAME@0..1
      IDENT@0..1 "s"
    WHITESPACE@1..2 " "
    EQ@2..3 "="
    WHITESPACE@3..4 " "
    STRING_LITERAL@4..34
      STRING_DELIM_OPEN@4..7 "\"\"\""
      STRING_CONTENT@7..17 "\n  value: "
      INTERPOLATION@17..30
        DOLLAR@17..18 "$"
        PAREN_EXPR@18..30
          LPAREN@18..19 "("
          CALL_EXPR@19..29
            NAME@19..26
              IDENT@19..26 "compute"
            ARG_LIST@26..29
              LPAREN@26..27 "("
              ARG@27..28
                NAME@27..28
                  IDENT@27..28 "x"
              RPAREN@28..29 ")"
          RPAREN@29..30 ")"
      STRING_CONTENT@30..31 "\n"
      STRING_DELIM_CLOSE@31..34 "\"\"\""
  NEWLINE@34..35 "\n"
