---
source: tests/parser_snapshots.rs
expression: rendered
---
ROOT@0..17
  ASSIGNMENT_EXPR@0..17
    NAME@0..1
      IDENT@0..1 "s"
    WHITESPACE@1..2 " "
    EQ@2..3 "="
    WHITESPACE@3..4 " "
    STRING_LITERAL@4..17
      STRING_DELIM_OPEN@4..5 "\""
      STRING_CONTENT@5..17 "oops\nok = 1\n"

diagnostic [4..4]: unterminated literal
