---
source: crates/fatou-parser/tests/parser_snapshots.rs
expression: rendered
---
ROOT@0..34
  POSTFIX_EXPR@0..3
    NAME@0..1
      IDENT@0..1 "f"
    DOT@1..2 "."
    TRANSPOSE@2..3 "'"
  NEWLINE@3..4 "\n"
  POSTFIX_EXPR@4..7
    NAME@4..5
      IDENT@4..5 "a"
    DOT@5..6 "."
    TRANSPOSE@6..7 "'"
  NEWLINE@7..8 "\n"
  POSTFIX_EXPR@8..25
    NAME@8..9
      IDENT@8..9 "f"
    WHITESPACE@9..10 " "
    BLOCK_COMMENT@10..22 "#= before =#"
    WHITESPACE@22..23 " "
    DOT@23..24 "."
    TRANSPOSE@24..25 "'"
  NEWLINE@25..26 "\n"
  BINARY_EXPR@26..33
    NAME@26..27
      IDENT@26..27 "a"
    WHITESPACE@27..28 " "
    PLUS@28..29 "+"
    WHITESPACE@29..30 " "
    POSTFIX_EXPR@30..33
      NAME@30..31
        IDENT@30..31 "f"
      DOT@31..32 "."
      TRANSPOSE@32..33 "'"
  NEWLINE@33..34 "\n"

diagnostic [2..3]: invalid dotted postfix operator
diagnostic [6..7]: invalid dotted postfix operator
diagnostic [24..24]: whitespace before `.`
diagnostic [24..25]: invalid dotted postfix operator
diagnostic [32..33]: invalid dotted postfix operator
