---
source: tests/parser_snapshots.rs
expression: rendered
---
ROOT@0..40
  BINARY_EXPR@0..4
    NAME@0..1
      IDENT@0..1 "a"
    MINUS_MINUS@1..3 "--"
    NAME@3..4
      IDENT@3..4 "b"
  NEWLINE@4..5 "\n"
  BINARY_EXPR@5..9
    NAME@5..6
      IDENT@5..6 "a"
    STAR_STAR@6..8 "**"
    NAME@8..9
      IDENT@8..9 "b"
  NEWLINE@9..10 "\n"
  BINARY_EXPR@10..17
    NAME@10..11
      IDENT@10..11 "a"
    WHITESPACE@11..12 " "
    DOT_MINUS_MINUS@12..15 ".--"
    WHITESPACE@15..16 " "
    NAME@16..17
      IDENT@16..17 "b"
  NEWLINE@17..18 "\n"
  BINARY_EXPR@18..25
    NAME@18..19
      IDENT@18..19 "a"
    WHITESPACE@19..20 " "
    DOT_STAR_STAR@20..23 ".**"
    WHITESPACE@23..24 " "
    NAME@24..25
      IDENT@24..25 "b"
  NEWLINE@25..26 "\n"
  BINARY_EXPR@26..32
    BINARY_EXPR@26..29
      NAME@26..27
        IDENT@26..27 "a"
      PLUS@27..28 "+"
      NAME@28..29
        IDENT@28..29 "b"
    MINUS_MINUS@29..31 "--"
    NAME@31..32
      IDENT@31..32 "c"
  NEWLINE@32..33 "\n"
  BINARY_EXPR@33..39
    BINARY_EXPR@33..37
      NAME@33..34
        IDENT@33..34 "a"
      STAR_STAR@34..36 "**"
      NAME@36..37
        IDENT@36..37 "b"
    COLON@37..38 ":"
    NAME@38..39
      IDENT@38..39 "c"
  NEWLINE@39..40 "\n"
