---
source: tests/parser_snapshots.rs
expression: rendered
---
ROOT@0..72
  CALL_EXPR@0..4
    STAR@0..1 "*"
    ARG_LIST@1..4
      LPAREN@1..2 "("
      ARG@2..3
        NAME@2..3
          IDENT@2..3 "x"
      RPAREN@3..4 ")"
  NEWLINE@4..5 "\n"
  CALL_EXPR@5..10
    DOT_STAR@5..7 ".*"
    ARG_LIST@7..10
      LPAREN@7..8 "("
      ARG@8..9
        NAME@8..9
          IDENT@8..9 "x"
      RPAREN@9..10 ")"
  NEWLINE@10..11 "\n"
  CALL_EXPR@11..18
    SLASH@11..12 "/"
    ARG_LIST@12..18
      LPAREN@12..13 "("
      ARG@13..14
        NAME@13..14
          IDENT@13..14 "x"
      COMMA@14..15 ","
      WHITESPACE@15..16 " "
      ARG@16..17
        NAME@16..17
          IDENT@16..17 "y"
      RPAREN@17..18 ")"
  NEWLINE@18..19 "\n"
  CALL_EXPR@19..27
    EQ_EQ@19..21 "=="
    ARG_LIST@21..27
      LPAREN@21..22 "("
      ARG@22..23
        NAME@22..23
          IDENT@22..23 "a"
      COMMA@23..24 ","
      WHITESPACE@24..25 " "
      ARG@25..26
        NAME@25..26
          IDENT@25..26 "b"
      RPAREN@26..27 ")"
  NEWLINE@27..28 "\n"
  CALL_EXPR@28..32
    PERCENT@28..29 "%"
    ARG_LIST@29..32
      LPAREN@29..30 "("
      ARG@30..31
        NAME@30..31
          IDENT@30..31 "x"
      RPAREN@31..32 ")"
  NEWLINE@32..33 "\n"
  CALL_EXPR@33..42
    DOT_EQ_EQ@33..36 ".=="
    ARG_LIST@36..42
      LPAREN@36..37 "("
      ARG@37..38
        NAME@37..38
          IDENT@37..38 "a"
      COMMA@38..39 ","
      WHITESPACE@39..40 " "
      ARG@40..41
        NAME@40..41
          IDENT@40..41 "b"
      RPAREN@41..42 ")"
  NEWLINE@42..43 "\n"
  CALL_EXPR@43..51
    FAT_ARROW@43..45 "=>"
    ARG_LIST@45..51
      LPAREN@45..46 "("
      ARG@46..47
        NAME@46..47
          IDENT@46..47 "x"
      COMMA@47..48 ","
      WHITESPACE@48..49 " "
      ARG@49..50
        NAME@49..50
          IDENT@49..50 "y"
      RPAREN@50..51 ")"
  NEWLINE@51..52 "\n"
  CALL_EXPR@52..56
    PIPE@52..53 "|"
    ARG_LIST@53..56
      LPAREN@53..54 "("
      ARG@54..55
        NAME@54..55
          IDENT@54..55 "x"
      RPAREN@55..56 ")"
  NEWLINE@56..57 "\n"
  CALL_EXPR@57..67
    STAR@57..58 "*"
    ARG_LIST@58..67
      LPAREN@58..59 "("
      ARG@59..60
        NAME@59..60
          IDENT@59..60 "x"
      COMMA@60..61 ","
      WHITESPACE@61..62 " "
      ARG@62..63
        NAME@62..63
          IDENT@62..63 "y"
      COMMA@63..64 ","
      WHITESPACE@64..65 " "
      ARG@65..66
        NAME@65..66
          IDENT@65..66 "z"
      RPAREN@66..67 ")"
  NEWLINE@67..68 "\n"
  CALL_EXPR@68..71
    STAR@68..69 "*"
    ARG_LIST@69..71
      LPAREN@69..70 "("
      RPAREN@70..71 ")"
  NEWLINE@71..72 "\n"
