---
source: tests/parser_snapshots.rs
expression: rendered
---
ROOT@0..29
  ASSIGNMENT_EXPR@0..28
    NAME@0..1
      IDENT@0..1 "s"
    WHITESPACE@1..2 " "
    EQ@2..3 "="
    WHITESPACE@3..4 " "
    STRING_LITERAL@4..28
      STRING_DELIM_OPEN@4..5 "\""
      STRING_CONTENT@5..11 "outer "
      INTERPOLATION@11..27
        DOLLAR@11..12 "$"
        LPAREN@12..13 "("
        CALL_EXPR@13..26
          NAME@13..14
            IDENT@13..14 "f"
          ARG_LIST@14..26
            LPAREN@14..15 "("
            ARG@15..25
              STRING_LITERAL@15..25
                STRING_DELIM_OPEN@15..16 "\""
                STRING_CONTENT@16..22 "inner "
                INTERPOLATION@22..24
                  DOLLAR@22..23 "$"
                  IDENT@23..24 "y"
                STRING_DELIM_CLOSE@24..25 "\""
            RPAREN@25..26 ")"
        RPAREN@26..27 ")"
      STRING_DELIM_CLOSE@27..28 "\""
  NEWLINE@28..29 "\n"
