---
source: tests/parser_snapshots.rs
expression: rendered
---
ROOT@0..102
  IMPORT_STMT@0..16
    IMPORT_KW@0..6 "import"
    WHITESPACE@6..7 " "
    ERROR@7..13
      IMPORT_ALIAS@7..13
        IMPORT_PATH@7..8
          IDENT@7..8 "A"
        WHITESPACE@8..9 " "
        IDENT@9..11 "as"
        WHITESPACE@11..12 " "
        IDENT@12..13 "B"
    COLON@13..14 ":"
    WHITESPACE@14..15 " "
    IMPORT_PATH@15..16
      IDENT@15..16 "x"
  NEWLINE@16..17 "\n"
  IMPORT_STMT@17..35
    IMPORT_KW@17..23 "import"
    WHITESPACE@23..24 " "
    ERROR@24..32
      IMPORT_ALIAS@24..32
        IMPORT_PATH@24..27
          IDENT@24..25 "A"
          DOT@25..26 "."
          IDENT@26..27 "B"
        WHITESPACE@27..28 " "
        IDENT@28..30 "as"
        WHITESPACE@30..31 " "
        IDENT@31..32 "C"
    COLON@32..33 ":"
    WHITESPACE@33..34 " "
    IMPORT_PATH@34..35
      IDENT@34..35 "x"
  NEWLINE@35..36 "\n"
  USING_STMT@36..51
    USING_KW@36..41 "using"
    WHITESPACE@41..42 " "
    ERROR@42..48
      ERROR@42..48
        IMPORT_ALIAS@42..48
          IMPORT_PATH@42..43
            IDENT@42..43 "A"
          WHITESPACE@43..44 " "
          IDENT@44..46 "as"
          WHITESPACE@46..47 " "
          IDENT@47..48 "B"
    COLON@48..49 ":"
    WHITESPACE@49..50 " "
    IMPORT_PATH@50..51
      IDENT@50..51 "x"
  NEWLINE@51..52 "\n"
  IMPORT_STMT@52..69
    IMPORT_KW@52..58 "import"
    WHITESPACE@58..59 " "
    IMPORT_PATH@59..60
      IDENT@59..60 "A"
    COLON@60..61 ":"
    WHITESPACE@61..62 " "
    IMPORT_PATH@62..63
      IDENT@62..63 "x"
    COMMA@63..64 ","
    WHITESPACE@64..65 " "
    IMPORT_PATH@65..66
      IDENT@65..66 "B"
    COLON@66..67 ":"
    ERROR_TRIVIA@67..69
      WHITESPACE@67..68 " "
      IMPORT_PATH@68..69
        IDENT@68..69 "y"
  NEWLINE@69..70 "\n"
  IMPORT_STMT@70..84
    IMPORT_KW@70..76 "import"
    WHITESPACE@76..77 " "
    IMPORT_PATH@77..78
      IDENT@77..78 "A"
    COMMA@78..79 ","
    WHITESPACE@79..80 " "
    IMPORT_PATH@80..81
      IDENT@80..81 "B"
    COLON@81..82 ":"
    ERROR_TRIVIA@82..84
      WHITESPACE@82..83 " "
      IMPORT_PATH@83..84
        IDENT@83..84 "y"
  NEWLINE@84..85 "\n"
  USING_STMT@85..101
    USING_KW@85..90 "using"
    WHITESPACE@90..91 " "
    IMPORT_PATH@91..92
      IDENT@91..92 "A"
    COLON@92..93 ":"
    WHITESPACE@93..94 " "
    IMPORT_PATH@94..95
      IDENT@94..95 "x"
    COMMA@95..96 ","
    WHITESPACE@96..97 " "
    IMPORT_PATH@97..98
      IDENT@97..98 "B"
    COLON@98..99 ":"
    ERROR_TRIVIA@99..101
      WHITESPACE@99..100 " "
      IMPORT_PATH@100..101
        IDENT@100..101 "y"
  NEWLINE@101..102 "\n"
