---
source: tests/parser_snapshots.rs
expression: rendered
---
ROOT@0..46
  NONSTANDARD_IDENTIFIER@0..7
    STRING_PREFIX@0..3 "var"
    STRING_DELIM_OPEN@3..4 "\""
    STRING_CONTENT@4..6 "\\\""
    STRING_DELIM_CLOSE@6..7 "\""
  NEWLINE@7..8 "\n"
  NONSTANDARD_IDENTIFIER@8..17
    STRING_PREFIX@8..11 "var"
    STRING_DELIM_OPEN@11..12 "\""
    STRING_CONTENT@12..16 "\\\\\\\""
    STRING_DELIM_CLOSE@16..17 "\""
  NEWLINE@17..18 "\n"
  NONSTANDARD_IDENTIFIER@18..27
    STRING_PREFIX@18..21 "var"
    STRING_DELIM_OPEN@21..22 "\""
    STRING_CONTENT@22..26 "a\\\"b"
    STRING_DELIM_CLOSE@26..27 "\""
  NEWLINE@27..28 "\n"
  NONSTANDARD_IDENTIFIER@28..35
    STRING_PREFIX@28..31 "var"
    STRING_DELIM_OPEN@31..32 "\""
    STRING_CONTENT@32..34 "\\\\"
    STRING_DELIM_CLOSE@34..35 "\""
  NEWLINE@35..36 "\n"
  NONSTANDARD_IDENTIFIER@36..45
    STRING_PREFIX@36..39 "var"
    STRING_DELIM_OPEN@39..40 "\""
    STRING_CONTENT@40..44 "x\\\\y"
    STRING_DELIM_CLOSE@44..45 "\""
  NEWLINE@45..46 "\n"
