---
source: tests/parser_snapshots.rs
expression: rendered
---
ROOT@0..56
  BINARY_EXPR@0..4
    NAME@0..1
      IDENT@0..1 "x"
    WHITESPACE@1..2 " "
    DOT@2..3 "."
    NAME@3..4
      IDENT@3..4 "y"
  NEWLINE@4..5 "\n"
  BINARY_EXPR@5..9
    NAME@5..6
      IDENT@5..6 "a"
    WHITESPACE@6..7 " "
    DOT@7..8 "."
    NAME@8..9
      IDENT@8..9 "b"
  NEWLINE@9..10 "\n"
  BINARY_EXPR@10..15
    NAME@10..11
      IDENT@10..11 "x"
    WHITESPACE@11..12 " "
    DOT@12..13 "."
    QUOTE_SYM@13..15
      COLON@13..14 ":"
      NAME@14..15
        IDENT@14..15 "y"
  NEWLINE@15..16 "\n"
  BINARY_EXPR@16..27
    CALL_EXPR@16..20
      NAME@16..17
        IDENT@16..17 "f"
      ARG_LIST@17..20
        LPAREN@17..18 "("
        ARG@18..19
          NAME@18..19
            IDENT@18..19 "x"
        RPAREN@19..20 ")"
    WHITESPACE@20..21 " "
    DOT@21..22 "."
    NAME@22..27
      IDENT@22..27 "field"
  NEWLINE@27..28 "\n"
  BINARY_EXPR@28..34
    BINARY_EXPR@28..31
      NAME@28..29
        IDENT@28..29 "x"
      DOT@29..30 "."
      NAME@30..31
        IDENT@30..31 "y"
    WHITESPACE@31..32 " "
    DOT@32..33 "."
    NAME@33..34
      IDENT@33..34 "z"
  NEWLINE@34..35 "\n"
  BINARY_EXPR@35..40
    NAME@35..36
      IDENT@35..36 "A"
    DOT@36..37 "."
    QUOTE_SYM@37..40
      COLON@37..38 ":"
      WHITESPACE@38..39 " "
      PLUS@39..40 "+"
  NEWLINE@40..41 "\n"
  QUOTE_SYM@41..46
    COLON@41..42 ":"
    WHITESPACE@42..43 " "
    NAME@43..46
      IDENT@43..46 "foo"
  NEWLINE@46..47 "\n"
  BINARY_EXPR@47..55
    NAME@47..48
      IDENT@47..48 "A"
    WHITESPACE@48..49 " "
    DOT@49..50 "."
    QUOTE_SYM@50..55
      COLON@50..51 ":"
      WHITESPACE@51..52 " "
      NAME@52..55
        IDENT@52..55 "foo"
  NEWLINE@55..56 "\n"

diagnostic [3..3]: whitespace before `.`
diagnostic [8..8]: whitespace before `.`
diagnostic [13..13]: whitespace before `.`
diagnostic [22..22]: whitespace before `.`
diagnostic [33..33]: whitespace before `.`
diagnostic [38..38]: whitespace after `:`
diagnostic [42..42]: whitespace after `:`
diagnostic [51..51]: whitespace after `:`
diagnostic [50..50]: whitespace before `.`
