---
source: tests/parser_snapshots.rs
expression: rendered
---
ROOT@0..34
  ASSIGNMENT_EXPR@0..33
    NAME@0..1
      IDENT@0..1 "x"
    WHITESPACE@1..2 " "
    EQ@2..3 "="
    WHITESPACE@3..4 " "
    STRING_LITERAL@4..33
      STRING_DELIM_OPEN@4..5 "\""
      STRING_CONTENT@5..11 "hello "
      INTERPOLATION@11..16
        DOLLAR@11..12 "$"
        IDENT@12..16 "name"
      STRING_CONTENT@16..18 ", "
      INTERPOLATION@18..26
        DOLLAR@18..19 "$"
        PAREN_EXPR@19..26
          LPAREN@19..20 "("
          BINARY_EXPR@20..25
            LITERAL@20..21
              INTEGER@20..21 "1"
            WHITESPACE@21..22 " "
            PLUS@22..23 "+"
            WHITESPACE@23..24 " "
            LITERAL@24..25
              INTEGER@24..25 "2"
          RPAREN@25..26 ")"
      STRING_CONTENT@26..32 " items"
      STRING_DELIM_CLOSE@32..33 "\""
  NEWLINE@33..34 "\n"
