---
source: tests/parser_snapshots.rs
expression: rendered
---
ROOT@0..203
  ABSTRACT_DEF@0..19
    IDENT@0..8 "abstract"
    WHITESPACE@8..9 " "
    IDENT@9..13 "type"
    WHITESPACE@13..14 " "
    SIGNATURE@14..15
      NAME@14..15
        IDENT@14..15 "A"
    WHITESPACE@15..16 " "
    END_KW@16..19 "end"
  NEWLINE@19..20 "\n"
  ABSTRACT_DEF@20..44
    IDENT@20..28 "abstract"
    WHITESPACE@28..29 " "
    IDENT@29..33 "type"
    WHITESPACE@33..34 " "
    SIGNATURE@34..40
      BINARY_EXPR@34..40
        NAME@34..35
          IDENT@34..35 "A"
        WHITESPACE@35..36 " "
        SUBTYPE@36..38 "<:"
        WHITESPACE@38..39 " "
        NAME@39..40
          IDENT@39..40 "B"
    WHITESPACE@40..41 " "
    END_KW@41..44 "end"
  NEWLINE@44..45 "\n"
  ABSTRACT_DEF@45..68
    IDENT@45..53 "abstract"
    WHITESPACE@53..54 " "
    IDENT@54..58 "type"
    WHITESPACE@58..59 " "
    SIGNATURE@59..64
      BINARY_EXPR@59..64
        NAME@59..60
          IDENT@59..60 "A"
        WHITESPACE@60..61 " "
        LT@61..62 "<"
        WHITESPACE@62..63 " "
        NAME@63..64
          IDENT@63..64 "B"
    WHITESPACE@64..65 " "
    END_KW@65..68 "end"
  NEWLINE@68..69 "\n"
  ABSTRACT_DEF@69..98
    IDENT@69..77 "abstract"
    WHITESPACE@77..78 " "
    IDENT@78..82 "type"
    WHITESPACE@82..83 " "
    SIGNATURE@83..94
      BINARY_EXPR@83..94
        NAME@83..84
          IDENT@83..84 "A"
        WHITESPACE@84..85 " "
        SUBTYPE@85..87 "<:"
        WHITESPACE@87..88 " "
        CURLY_EXPR@88..94
          NAME@88..89
            IDENT@88..89 "B"
          ARG_LIST@89..94
            LBRACE@89..90 "{"
            ARG@90..91
              NAME@90..91
                IDENT@90..91 "T"
            COMMA@91..92 ","
            ARG@92..93
              NAME@92..93
                IDENT@92..93 "S"
            RBRACE@93..94 "}"
    WHITESPACE@94..95 " "
    END_KW@95..98 "end"
  NEWLINE@98..99 "\n"
  ABSTRACT_DEF@99..121
    IDENT@99..107 "abstract"
    WHITESPACE@107..108 " "
    IDENT@108..112 "type"
    WHITESPACE@112..113 " "
    SIGNATURE@113..117
      CURLY_EXPR@113..117
        NAME@113..114
          IDENT@113..114 "A"
        ARG_LIST@114..117
          LBRACE@114..115 "{"
          ARG@115..116
            NAME@115..116
              IDENT@115..116 "T"
          RBRACE@116..117 "}"
    WHITESPACE@117..118 " "
    END_KW@118..121 "end"
  NEWLINE@121..122 "\n"
  PRIMITIVE_DEF@122..145
    IDENT@122..131 "primitive"
    WHITESPACE@131..132 " "
    IDENT@132..136 "type"
    WHITESPACE@136..137 " "
    SIGNATURE@137..138
      NAME@137..138
        IDENT@137..138 "A"
    WHITESPACE@138..139 " "
    LITERAL@139..141
      INTEGER@139..141 "32"
    WHITESPACE@141..142 " "
    END_KW@142..145 "end"
  NEWLINE@145..146 "\n"
  PRIMITIVE_DEF@146..173
    IDENT@146..155 "primitive"
    WHITESPACE@155..156 " "
    IDENT@156..160 "type"
    WHITESPACE@160..161 " "
    SIGNATURE@161..167
      BINARY_EXPR@161..167
        NAME@161..162
          IDENT@161..162 "A"
        WHITESPACE@162..163 " "
        SUBTYPE@163..165 "<:"
        WHITESPACE@165..166 " "
        NAME@166..167
          IDENT@166..167 "B"
    WHITESPACE@167..168 " "
    LITERAL@168..169
      INTEGER@168..169 "8"
    WHITESPACE@169..170 " "
    END_KW@170..173 "end"
  NEWLINE@173..174 "\n"
  PRIMITIVE_DEF@174..202
    IDENT@174..183 "primitive"
    WHITESPACE@183..184 " "
    IDENT@184..188 "type"
    WHITESPACE@188..189 " "
    SIGNATURE@189..195
      CURLY_EXPR@189..195
        NAME@189..192
          IDENT@189..192 "Ptr"
        ARG_LIST@192..195
          LBRACE@192..193 "{"
          ARG@193..194
            NAME@193..194
              IDENT@193..194 "T"
          RBRACE@194..195 "}"
    WHITESPACE@195..196 " "
    LITERAL@196..198
      INTEGER@196..198 "32"
    WHITESPACE@198..199 " "
    END_KW@199..202 "end"
  NEWLINE@202..203 "\n"
