---
source: tests/parser_snapshots.rs
expression: rendered
---
ROOT@0..52
  INTERPOLATION@0..2
    DOLLAR@0..1 "$"
    IDENT@1..2 "x"
  NEWLINE@2..3 "\n"
  INTERPOLATION@3..11
    DOLLAR@3..4 "$"
    LPAREN@4..5 "("
    BINARY_EXPR@5..10
      NAME@5..6
        IDENT@5..6 "x"
      WHITESPACE@6..7 " "
      PLUS@7..8 "+"
      WHITESPACE@8..9 " "
      NAME@9..10
        IDENT@9..10 "y"
    RPAREN@10..11 ")"
  NEWLINE@11..12 "\n"
  BINARY_EXPR@12..16
    NAME@12..13
      IDENT@12..13 "f"
    DOT@13..14 "."
    INTERPOLATION@14..16
      DOLLAR@14..15 "$"
      IDENT@15..16 "x"
  NEWLINE@16..17 "\n"
  BINARY_EXPR@17..27
    NAME@17..18
      IDENT@17..18 "f"
    DOT@18..19 "."
    INTERPOLATION@19..27
      DOLLAR@19..20 "$"
      LPAREN@20..21 "("
      BINARY_EXPR@21..26
        NAME@21..22
          IDENT@21..22 "x"
        WHITESPACE@22..23 " "
        PLUS@23..24 "+"
        WHITESPACE@24..25 " "
        NAME@25..26
          IDENT@25..26 "y"
      RPAREN@26..27 ")"
  NEWLINE@27..28 "\n"
  BINARY_EXPR@28..32
    NAME@28..29
      IDENT@28..29 "A"
    DOT@29..30 "."
    INTERPOLATION@30..32
      DOLLAR@30..31 "$"
      IDENT@31..32 "B"
  NEWLINE@32..33 "\n"
  INTERPOLATION@33..36
    DOLLAR@33..34 "$"
    INTERPOLATION@34..36
      DOLLAR@34..35 "$"
      IDENT@35..36 "a"
  NEWLINE@36..37 "\n"
  INTERPOLATION@37..44
    DOLLAR@37..38 "$"
    VECT_EXPR@38..44
      LBRACKET@38..39 "["
      ARG@39..40
        LITERAL@39..40
          INTEGER@39..40 "1"
      COMMA@40..41 ","
      WHITESPACE@41..42 " "
      ARG@42..43
        LITERAL@42..43
          INTEGER@42..43 "2"
      RBRACKET@43..44 "]"
  NEWLINE@44..45 "\n"
  BINARY_EXPR@45..51
    NAME@45..46
      IDENT@45..46 "a"
    WHITESPACE@46..47 " "
    PLUS@47..48 "+"
    WHITESPACE@48..49 " "
    INTERPOLATION@49..51
      DOLLAR@49..50 "$"
      IDENT@50..51 "x"
  NEWLINE@51..52 "\n"
