---
source: tests/rule_docs.rs
expression: render_rule_doc(rule.as_ref())
---
## `string-boundary`

Flag `occursin(r"^abc", s)` and `occursin(r"abc$", s)`, boundary tests written as anchored regex searches. `startswith(s, "abc")` and `endswith(s, "abc")` name the boundary they test and need no match engine.

The pattern must be a plain `r"..."` — no flag suffix, since `i` and `m` change what an anchor means — anchored at exactly one end with a non-empty, metacharacter-free remainder; `r"^abc$"` is an exact match rather than a boundary test. The callee must be confirmed to be Base's, and the needle is read wherever its spelling puts it: `occursin(r"^abc", s)`, the flipped `contains(s, r"^abc")`, and the curried `contains(r"^abc")`, which rewrites to the curried `startswith("abc")`.

The `startswith` fix is safe: `^` matches at the start of the subject and nowhere else. The `endswith` fix needs `--unsafe-fixes`, because PCRE's `$` also matches before a final newline — `occursin(r"abc$", "abc\n")` is `true` where `endswith("abc\n", "abc")` is `false`. Either fix is withheld — the finding still stands — when the file's `startswith`/`endswith` is not Base's, or when a comment sits in the rewritten span outside the haystack and the pattern.

A leading anchor is a prefix test:

```julia
if occursin(r"^Test", name)
    run(name)
end
```

```text
warning: string-boundary
 --> example.jl:1:4
  |
1 | if occursin(r"^Test", name)
  |    ^^^^^^^^^^^^^^^^^^^^^^^^ test `startswith(name, "Test")` instead of matching the anchored regex `r"^Test"`
  = help: Test the prefix with `startswith` (safe fix)
```

After applying the fix:

```julia
if startswith(name, "Test")
    run(name)
end
```

A trailing anchor is a suffix test:

```julia
sources = filter(f -> occursin(r"_test$", f), files)
```

```text
warning: string-boundary
 --> example.jl:1:23
  |
1 | sources = filter(f -> occursin(r"_test$", f), files)
  |                       ^^^^^^^^^^^^^^^^^^^^^^ test `endswith(f, "_test")` instead of matching the anchored regex `r"_test$"`
  = help: Test the suffix with `endswith`, which does not match before a trailing newline (unsafe fix, requires `--unsafe-fixes`)
```

A curried `contains` rewrites to a curried predicate:

```julia
sources = filter(contains(r"^src"), files)
```

```text
warning: string-boundary
 --> example.jl:1:18
  |
1 | sources = filter(contains(r"^src"), files)
  |                  ^^^^^^^^^^^^^^^^^ test `startswith("src")` instead of matching the anchored regex `r"^src"`
  = help: Test the prefix with `startswith` (safe fix)
```

After applying the fix:

```julia
sources = filter(startswith("src"), files)
```
