---
source: tests/rule_docs.rs
expression: render_rule_doc(rule.as_ref())
---
## `undefined-name`

Flag an identifier that no resolution tier provides: not a local or a file binding, not a same-module global from included files, not a whole-module `using`'s export, and not a Base/Core name. Opt in with `[lint] extend-select = ["undefined-name"]`. For standalone programs, declare `[project] entry-points = ["main.jl"]` to follow static includes and resolve ordinary global assignments. Each entry point and host module is checked independently; findings name the failing contexts. Dynamic includes, `eval`, unresolved whole-module `using`s, and broken include closures suppress findings for that entry. Value reads inside macro calls and quoted code remain exempt. Without entry points, standalone files containing includes are skipped. The language server also enables this rule for workspace package files.

`raduis` is a typo; no tier resolves it:

```julia
function area(radius)
    return pi * raduis^2
end
```

```text
warning: undefined-name
 --> example.jl:2:17
  |
2 |     return pi * raduis^2
  |                 ^^^^^^ `raduis` is not defined
```
