---
source: tests/rule_docs.rs
expression: render_rule_doc(rule.as_ref())
---
## `kwarg-default-mismatch`

Flag a keyword parameter whose literal default cannot be an instance of its declared type, as in `g(; y::Int = 1.0)`. A keyword's `::T` is not an implicit `convert`: Julia lowers it into a dispatch constraint on the inner method the default is passed to, so `g()` raises a `MethodError` every time. The check is exact, like dispatch itself — `y::Float64 = 1` and `y::Int8 = 1` are mismatches too — and fires only when both sides are certain: a bare, concrete `Core` type that resolves to Base, and a default whose own spelling pins its type down. Abstract and parametric annotations (`Real`, `Vector{Int}`), computed defaults, and the literals whose type follows their digit count (`0x01`) are all left alone.

`y` is declared `Int`, so the `Float64` default never matches it:

```julia
function scale(xs; y::Int = 1.0)
    xs .* y
end
```

```text
error: kwarg-default-mismatch
 --> example.jl:1:20
  |
1 | function scale(xs; y::Int = 1.0)
  |                    ^^^^^^^^^^^^ keyword argument `y` is declared `::Int`, but its default `1.0` has type `Float64`
  = help: a keyword's `::T` is a dispatch constraint, not a `convert`, so the default raises a `MethodError`
```

Julia does not promote here either — the default has to be an `Int8` already:

```julia
counter(; start::Int8 = 0) = start
```

```text
error: kwarg-default-mismatch
 --> example.jl:1:11
  |
1 | counter(; start::Int8 = 0) = start
  |           ^^^^^^^^^^^^^^^ keyword argument `start` is declared `::Int8`, but its default `0` has type `Int`
  = help: a keyword's `::T` is a dispatch constraint, not a `convert`, so the default raises a `MethodError`
```
