---
source: tests/rule_docs.rs
expression: render_rule_doc(rule.as_ref())
---
## `eager-broadcast`

Flag a Base reducer applied to a broadcast that exists only to be reduced: `sum(abs.(xs))` builds a whole mapped array and then sums it away, where `sum(abs, xs)` applies `abs` as it reduces and allocates nothing. The reducers with such an `(f, itr)` method are `all`, `any`, `count`, `maximum`, `minimum`, `prod`, and `sum`.

Only the exact `reducer(f.(x))` shape is flagged. A keyword argument on either call, a second positional argument, and a fused multi-container broadcast (`hypot.(xs, ys)`) all describe a different call and are left alone, as is a broadcast *operator* (`any(xs .> 0)`), which names no function to pass. The reducer must be confirmed to be Base's, so a local shadow, a qualified `Base.sum`, or a file whose imports cannot be resolved reports nothing.

The fix moves the function into the reducer's first argument, but needs `--unsafe-fixes`: broadcasting treats a scalar as a zero-dimensional container of itself where the two-argument method iterates it, and `any`/`all` stop at the first decisive element, so a function that prints, mutates, or throws runs a different number of times. The fix is withheld — the finding still stands — when a comment sits in the rewritten span.

The mapped array is built only to be summed away:

```julia
total = sum(abs.(residuals))
```

```text
warning: eager-broadcast
 --> example.jl:1:9
  |
1 | total = sum(abs.(residuals))
  |         ^^^^^^^^^^^^^^^^^^^^ call `sum(abs, residuals)` instead of `sum(abs.(residuals))`, which materializes the broadcast result
  = help: Pass the function as `sum`'s first argument (unsafe fix, requires `--unsafe-fixes`)
```

`any` need not test every element:

```julia
if any(isnan.(xs))
    error("bad data")
end
```

```text
warning: eager-broadcast
 --> example.jl:1:4
  |
1 | if any(isnan.(xs))
  |    ^^^^^^^^^^^^^^^ call `any(isnan, xs)` instead of `any(isnan.(xs))`, which materializes the broadcast result
  = help: Pass the function as `any`'s first argument (unsafe fix, requires `--unsafe-fixes`)
```
